---
source: src/liquid_parquet/src/tests/mod.rs
expression: "format!(\"plan: \\n{}\\nvalues: \\n{}\", plan, reference)"
---
plan: 
┌───────────────────────────┐
│       ProjectionExec      │
│    --------------------   │
│         count(*):         │
│      count(Int64(1))      │
└─────────────┬─────────────┘
┌─────────────┴─────────────┐
│       AggregateExec       │
│    --------------------   │
│       aggr: count(1)      │
│        mode: Final        │
└─────────────┬─────────────┘
┌─────────────┴─────────────┐
│   CoalescePartitionsExec  │
└─────────────┬─────────────┘
┌─────────────┴─────────────┐
│       AggregateExec       │
│    --------------------   │
│       aggr: count(1)      │
│       mode: Partial       │
└─────────────┬─────────────┘
┌─────────────┴─────────────┐
│      RepartitionExec      │
│    --------------------   │
│ partition_count(in->out): │
│           1 -> 4          │
│                           │
│    partitioning_scheme:   │
│     RoundRobinBatch(4)    │
└─────────────┬─────────────┘
┌─────────────┴─────────────┐
│  InProcessLiquidCacheExec │
│    --------------------   │
│    InProcessLiquidCache   │
└─────────────┬─────────────┘
┌─────────────┴─────────────┐
│       DataSourceExec      │
│    --------------------   │
│          files: 1         │
│                           │
│          format:          │
│       liquid_parquet      │
└───────────────────────────┘

values: 
+----------+
| count(*) |
+----------+
| 23113    |
+----------+
