---
source: src/client/src/tests/mod.rs
expression: displayable.tree_render().to_string()
---
┌───────────────────────────┐
│  SortPreservingMergeExec  │
│    --------------------   │
│custdist DESC, c_count DESC│
└─────────────┬─────────────┘
┌─────────────┴─────────────┐
│          SortExec         │
│    --------------------   │
│ custdist@1 DESC, c_count@0│
│            DESC           │
└─────────────┬─────────────┘
┌─────────────┴─────────────┐
│       ProjectionExec      │
│    --------------------   │
│      c_count: c_count     │
│                           │
│         custdist:         │
│      count(Int64(1))      │
└─────────────┬─────────────┘
┌─────────────┴─────────────┐
│       AggregateExec       │
│    --------------------   │
│       aggr: count(1)      │
│     group_by: c_count     │
│                           │
│           mode:           │
│      FinalPartitioned     │
└─────────────┬─────────────┘
┌─────────────┴─────────────┐
│    CoalesceBatchesExec    │
│    --------------------   │
│     target_batch_size:    │
│           16384           │
└─────────────┬─────────────┘
┌─────────────┴─────────────┐
│      RepartitionExec      │
│    --------------------   │
│ partition_count(in->out): │
│           8 -> 8          │
│                           │
│    partitioning_scheme:   │
│    Hash([c_count@0], 8)   │
└─────────────┬─────────────┘
┌─────────────┴─────────────┐
│       AggregateExec       │
│    --------------------   │
│       aggr: count(1)      │
│     group_by: c_count     │
│       mode: Partial       │
└─────────────┬─────────────┘
┌─────────────┴─────────────┐
│       ProjectionExec      │
│    --------------------   │
│          c_count:         │
│  count(orders.o_orderkey) │
└─────────────┬─────────────┘
┌─────────────┴─────────────┐
│       AggregateExec       │
│    --------------------   │
│           aggr:           │
│  count(orders.o_orderkey) │
│                           │
│    group_by: c_custkey    │
│                           │
│           mode:           │
│      FinalPartitioned     │
└─────────────┬─────────────┘
┌─────────────┴─────────────┐
│    CoalesceBatchesExec    │
│    --------------------   │
│     target_batch_size:    │
│           16384           │
└─────────────┬─────────────┘
┌─────────────┴─────────────┐
│      RepartitionExec      │
│    --------------------   │
│ partition_count(in->out): │
│           8 -> 8          │
│                           │
│    partitioning_scheme:   │
│   Hash([c_custkey@0], 8)  │
└─────────────┬─────────────┘
┌─────────────┴─────────────┐
│       AggregateExec       │
│    --------------------   │
│           aggr:           │
│  count(orders.o_orderkey) │
│                           │
│    group_by: c_custkey    │
│       mode: Partial       │
└─────────────┬─────────────┘
┌─────────────┴─────────────┐
│      RepartitionExec      │
│    --------------------   │
│ partition_count(in->out): │
│           1 -> 8          │
│                           │
│    partitioning_scheme:   │
│     RoundRobinBatch(8)    │
└─────────────┬─────────────┘
┌─────────────┴─────────────┐
│       ProjectionExec      │
│    --------------------   │
│    c_custkey: c_custkey   │
│                           │
│        o_orderkey:        │
│         o_orderkey        │
└─────────────┬─────────────┘
┌─────────────┴─────────────┐
│    CoalesceBatchesExec    │
│    --------------------   │
│     target_batch_size:    │
│           16384           │
└─────────────┬─────────────┘
┌─────────────┴─────────────┐
│        HashJoinExec       │
│    --------------------   │
│      join_type: Right     │
│                           ├──────────────┐
│            on:            │              │
│  (o_custkey = c_custkey)  │              │
└─────────────┬─────────────┘              │
┌─────────────┴─────────────┐┌─────────────┴─────────────┐
│   LiquidCacheClientExec   ││   LiquidCacheClientExec   │
│    --------------------   ││    --------------------   │
│          server:          ││          server:          │
│  http://localhost:50051,  ││  http://localhost:50051,  │
│        mode=liquid,       ││        mode=liquid,       │
│      object_stores=[]     ││      object_stores=[]     │
└─────────────┬─────────────┘└─────────────┬─────────────┘
┌─────────────┴─────────────┐┌─────────────┴─────────────┐
│       DataSourceExec      ││       DataSourceExec      │
│    --------------------   ││    --------------------   │
│          files: 1         ││          files: 1         │
│      format: parquet      ││      format: parquet      │
│                           ││                           │
│         predicate:        ││                           │
│    o_comment NOT LIKE     ││                           │
│     %special%requests%    ││                           │
└───────────────────────────┘└───────────────────────────┘
