---
source: src/client/src/tests/mod.rs
expression: displayable.tree_render().to_string()
---
┌───────────────────────────┐
│  SortPreservingMergeExec  │
│    --------------------   │
│     o_totalprice DESC,    │
│       o_orderdate ASC     │
│         NULLS LAST        │
└─────────────┬─────────────┘
┌─────────────┴─────────────┐
│          SortExec         │
│    --------------------   │
│    o_totalprice@4 DESC,   │
│      o_orderdate@3 ASC    │
│         NULLS LAST        │
└─────────────┬─────────────┘
┌─────────────┴─────────────┐
│       AggregateExec       │
│    --------------------   │
│           aggr:           │
│  sum(lineitem.l_quantity) │
│                           │
│         group_by:         │
│     c_name, c_custkey,    │
│         o_orderkey,       │
│        o_orderdate,       │
│        o_totalprice       │
│                           │
│           mode:           │
│      FinalPartitioned     │
└─────────────┬─────────────┘
┌─────────────┴─────────────┐
│    CoalesceBatchesExec    │
│    --------------------   │
│     target_batch_size:    │
│           16384           │
└─────────────┬─────────────┘
┌─────────────┴─────────────┐
│      RepartitionExec      │
│    --------------------   │
│ partition_count(in->out): │
│           8 -> 8          │
│                           │
│    partitioning_scheme:   │
│ Hash([c_name@0, c_custkey │
│     @1, o_orderkey@2,     │
│       o_orderdate@3,      │
│     o_totalprice@4], 8)   │
└─────────────┬─────────────┘
┌─────────────┴─────────────┐
│       AggregateExec       │
│    --------------------   │
│           aggr:           │
│  sum(lineitem.l_quantity) │
│                           │
│         group_by:         │
│     c_name, c_custkey,    │
│         o_orderkey,       │
│        o_orderdate,       │
│        o_totalprice       │
│                           │
│       mode: Partial       │
└─────────────┬─────────────┘
┌─────────────┴─────────────┐
│    CoalesceBatchesExec    │
│    --------------------   │
│     target_batch_size:    │
│           16384           │
└─────────────┬─────────────┘
┌─────────────┴─────────────┐
│        HashJoinExec       │
│    --------------------   │
│    join_type: RightSemi   │
│                           ├──────────────┐
│            on:            │              │
│ (l_orderkey = o_orderkey) │              │
└─────────────┬─────────────┘              │
┌─────────────┴─────────────┐┌─────────────┴─────────────┐
│   CoalescePartitionsExec  ││      RepartitionExec      │
│                           ││    --------------------   │
│                           ││ partition_count(in->out): │
│                           ││           1 -> 8          │
│                           ││                           │
│                           ││    partitioning_scheme:   │
│                           ││     RoundRobinBatch(8)    │
└─────────────┬─────────────┘└─────────────┬─────────────┘
┌─────────────┴─────────────┐┌─────────────┴─────────────┐
│         FilterExec        ││    CoalesceBatchesExec    │
│    --------------------   ││    --------------------   │
│         predicate:        ││     target_batch_size:    │
│ sum(lineitem.l_quantity) >││           16384           │
│      Some(30000),25,2     ││                           │
└─────────────┬─────────────┘└─────────────┬─────────────┘
┌─────────────┴─────────────┐┌─────────────┴─────────────┐
│       AggregateExec       ││        HashJoinExec       │
│    --------------------   ││    --------------------   │
│           aggr:           ││            on:            │
│  sum(lineitem.l_quantity) ││ (o_orderkey = l_orderkey) │
│                           ││                           ├───────────────────────────────────────────┐
│    group_by: l_orderkey   ││                           │                                           │
│                           ││                           │                                           │
│           mode:           ││                           │                                           │
│      FinalPartitioned     ││                           │                                           │
└─────────────┬─────────────┘└─────────────┬─────────────┘                                           │
┌─────────────┴─────────────┐┌─────────────┴─────────────┐                             ┌─────────────┴─────────────┐
│    CoalesceBatchesExec    ││    CoalesceBatchesExec    │                             │   LiquidCacheClientExec   │
│    --------------------   ││    --------------------   │                             │    --------------------   │
│     target_batch_size:    ││     target_batch_size:    │                             │          server:          │
│           16384           ││           16384           │                             │  http://localhost:50051,  │
│                           ││                           │                             │      object_stores=[]     │
└─────────────┬─────────────┘└─────────────┬─────────────┘                             └─────────────┬─────────────┘
┌─────────────┴─────────────┐┌─────────────┴─────────────┐                             ┌─────────────┴─────────────┐
│      RepartitionExec      ││        HashJoinExec       │                             │       DataSourceExec      │
│    --------------------   ││    --------------------   │                             │    --------------------   │
│ partition_count(in->out): ││            on:            │                             │          files: 1         │
│           1 -> 8          ││  (c_custkey = o_custkey)  ├──────────────┐              │      format: parquet      │
│                           ││                           │              │              │                           │
│    partitioning_scheme:   ││                           │              │              │         predicate:        │
│  Hash([l_orderkey@0], 8)  ││                           │              │              │  DynamicFilter [ empty ]  │
└─────────────┬─────────────┘└─────────────┬─────────────┘              │              └───────────────────────────┘
┌─────────────┴─────────────┐┌─────────────┴─────────────┐┌─────────────┴─────────────┐
│       AggregateExec       ││   LiquidCacheClientExec   ││   LiquidCacheClientExec   │
│    --------------------   ││    --------------------   ││    --------------------   │
│           aggr:           ││          server:          ││          server:          │
│  sum(lineitem.l_quantity) ││  http://localhost:50051,  ││  http://localhost:50051,  │
│                           ││      object_stores=[]     ││      object_stores=[]     │
│    group_by: l_orderkey   ││                           ││                           │
│       mode: Partial       ││                           ││                           │
└─────────────┬─────────────┘└─────────────┬─────────────┘└─────────────┬─────────────┘
┌─────────────┴─────────────┐┌─────────────┴─────────────┐┌─────────────┴─────────────┐
│   LiquidCacheClientExec   ││       DataSourceExec      ││       DataSourceExec      │
│    --------------------   ││    --------------------   ││    --------------------   │
│          server:          ││          files: 1         ││          files: 1         │
│  http://localhost:50051,  ││      format: parquet      ││      format: parquet      │
│      object_stores=[]     ││                           ││                           │
│                           ││                           ││         predicate:        │
│                           ││                           ││  DynamicFilter [ empty ]  │
└─────────────┬─────────────┘└───────────────────────────┘└───────────────────────────┘
┌─────────────┴─────────────┐
│       DataSourceExec      │
│    --------------------   │
│          files: 1         │
│      format: parquet      │
└───────────────────────────┘
