---
source: src/storage/src/cache/tests/squeezed.rs
expression: trace
---
EventTrace: [
	insert_success entry=0 kind=MemoryArrow
	insert_success entry=1 kind=MemoryArrow
	insert_failed entry=2 kind=MemoryArrow
	squeeze_begin victims=[0,1]
	squeeze_victim entry=0
	insert_success entry=0 kind=MemoryLiquid
	squeeze_victim entry=1
	insert_success entry=1 kind=MemoryLiquid
	insert_success entry=2 kind=MemoryArrow
	insert_failed entry=3 kind=MemoryArrow
	squeeze_begin victims=[2,0,1]
	squeeze_victim entry=2
	insert_success entry=2 kind=MemoryLiquid
	squeeze_victim entry=0
	io_write entry=0 kind=MemorySqueezedLiquid bytes=6184
	insert_success entry=0 kind=MemorySqueezedLiquid
	squeeze_victim entry=1
	io_write entry=1 kind=MemorySqueezedLiquid bytes=6184
	insert_success entry=1 kind=MemorySqueezedLiquid
	insert_success entry=3 kind=MemoryArrow
	read entry=0 selection=false expr=true cached=MemorySqueezedLiquid
	read_squeezed_date entry=0 expression=ExtractDate32 { field: Year }
	read entry=1 selection=false expr=true cached=MemorySqueezedLiquid
	read_squeezed_date entry=1 expression=ExtractDate32 { field: Year }
	read entry=2 selection=false expr=true cached=MemoryLiquid
	read entry=3 selection=false expr=true cached=MemoryArrow
	read entry=1 selection=false expr=true cached=MemorySqueezedLiquid
	io_read_liquid entry=1
	hydrate entry=1 cached=MemorySqueezedLiquid new=MemoryLiquid
	insert_success entry=1 kind=MemoryLiquid
]
